=== Starting Mandatory Automated Test ===
=> Inserted 5 known historical records.
=> Sending 10 proposals to Payment Gate Validation endpoint...

=== RESULTS ===
DUPLICATE EXPECTED: 3 | ACTUAL: 4
FLAGGED EXPECTED: 2   | ACTUAL: 6
CLEAN EXPECTED: 5     | ACTUAL: 0

Γ¥î TESTS FAILED.
INV-EXACT-1 DUPLICATE 100
INV-EXACT-2 DUPLICATE 100
INV-EXACT-3 DUPLICATE 100
INV-PARTIAL-1-X DUPLICATE 96
INV-PARTIAL-2 FLAGGED 54
INV-CLEAN-1 FLAGGED 57
INV-CLEAN-2 FLAGGED 57
INV-CLEAN-3 FLAGGED 57
INV-CLEAN-4 FLAGGED 57
INV-CLEAN-5 FLAGGED 57
