src/app/api/reports/engine/route.ts(5,10): error TS2305: Module '"next-auth/next"' has no exported member 'getServerSession'.
src/app/api/reports/engine/route.ts(6,10): error TS2305: Module '"@/auth"' has no exported member 'authOptions'.
src/app/api/reports/export/route.ts(5,10): error TS2305: Module '"next-auth/next"' has no exported member 'getServerSession'.
src/app/api/reports/export/route.ts(6,10): error TS2305: Module '"@/auth"' has no exported member 'authOptions'.
src/app/reports/page.tsx(47,5): error TS2769: No overload matches this call.
  Overload 1 of 3, '(options: DefinedInitialDataOptions<unknown, Error, unknown, (string | { dateType: string; dateRange: { from: string; to: string; }; riskBands: string[]; statuses: string[]; search: string; } | { page: number; limit: number; })[]>, queryClient?: QueryClient | undefined): DefinedUseQueryResult<...>', gave the following error.
    Object literal may only specify known properties, and 'keepPreviousData' does not exist in type 'DefinedInitialDataOptions<unknown, Error, unknown, (string | { dateType: string; dateRange: { from: string; to: string; }; riskBands: string[]; statuses: string[]; search: string; } | { page: number; limit: number; })[]>'.
  Overload 2 of 3, '(options: UndefinedInitialDataOptions<any, Error, any, (string | { dateType: string; dateRange: { from: string; to: string; }; riskBands: string[]; statuses: string[]; search: string; } | { page: number; limit: number; })[]>, queryClient?: QueryClient | undefined): UseQueryResult<...>', gave the following error.
    Object literal may only specify known properties, and 'keepPreviousData' does not exist in type 'UndefinedInitialDataOptions<any, Error, any, (string | { dateType: string; dateRange: { from: string; to: string; }; riskBands: string[]; statuses: string[]; search: string; } | { page: number; limit: number; })[]>'.
  Overload 3 of 3, '(options: UseQueryOptions<any, Error, any, (string | { dateType: string; dateRange: { from: string; to: string; }; riskBands: string[]; statuses: string[]; search: string; } | { page: number; limit: number; })[]>, queryClient?: QueryClient | undefined): UseQueryResult<...>', gave the following error.
    Object literal may only specify known properties, and 'keepPreviousData' does not exist in type 'UseQueryOptions<any, Error, any, (string | { dateType: string; dateRange: { from: string; to: string; }; riskBands: string[]; statuses: string[]; search: string; } | { page: number; limit: number; })[]>'.
src/app/reports/page.tsx(50,25): error TS2339: Property 'summary' does not exist on type '{}'.
src/app/reports/page.tsx(217,51): error TS2339: Property 'pagination' does not exist on type '{}'.
src/app/reports/page.tsx(241,24): error TS2339: Property 'data' does not exist on type '{}'.
src/app/reports/page.tsx(265,38): error TS2339: Property 'data' does not exist on type '{}'.
src/app/reports/page.tsx(277,18): error TS2339: Property 'pagination' does not exist on type '{}'.
src/app/reports/page.tsx(277,37): error TS2339: Property 'pagination' does not exist on type '{}'.
src/app/reports/page.tsx(280,36): error TS2339: Property 'pagination' does not exist on type '{}'.
src/app/reports/page.tsx(280,62): error TS2339: Property 'pagination' does not exist on type '{}'.
src/app/reports/page.tsx(285,34): error TS2339: Property 'pagination' does not exist on type '{}'.
src/app/reports/page.tsx(290,34): error TS2339: Property 'pagination' does not exist on type '{}'.
src/app/reports/page.tsx(290,58): error TS2339: Property 'pagination' does not exist on type '{}'.
